../Core/Src/hardware/buzzer.c:14:8:getNoteFrequency	24	static
../Core/Src/hardware/buzzer.c:18:6:setVolume	16	static
../Core/Src/hardware/buzzer.c:24:6:setFrequency	16	static
../Core/Src/hardware/buzzer.c:28:6:setPlay	16	static
../Core/Src/hardware/buzzer.c:34:7:playNote	32	static
../Core/Src/hardware/buzzer.c:41:7:playA	8	static
../Core/Src/hardware/buzzer.c:44:7:playB	8	static
../Core/Src/hardware/buzzer.c:47:7:playC	8	static
../Core/Src/hardware/buzzer.c:50:7:playD	8	static
../Core/Src/hardware/buzzer.c:53:7:playE	8	static
../Core/Src/hardware/buzzer.c:56:7:playF	8	static
../Core/Src/hardware/buzzer.c:59:7:playG	8	static
../Core/Src/hardware/buzzer.c:63:7:playAll	8	static
../Core/Src/hardware/buzzer.c:69:7:upOctave	16	static
../Core/Src/hardware/buzzer.c:77:7:downOctave	16	static
../Core/Src/hardware/buzzer.c:85:7:upDuration	8	static
../Core/Src/hardware/buzzer.c:94:7:downDuration	8	static
