../Core/Src/tim.c:32:6:MX_TIM1_Init	96	static
../Core/Src/tim.c:102:6:MX_TIM6_Init	16	static
../Core/Src/tim.c:135:6:HAL_TIM_Base_MspInit	24	static
../Core/Src/tim.c:161:6:HAL_TIM_MspPostInit	40	static
../Core/Src/tim.c:189:6:HAL_TIM_Base_MspDeInit	16	static
../Core/Src/tim.c:217:19:TIM6_START	8	static
../Core/Src/tim.c:221:19:TIM6_STOP	8	static
../Core/Src/tim.c:225:6:setPlayAllFlag	4	static
../Core/Src/tim.c:229:6:resetPlayAllFlag	4	static
../Core/Src/tim.c:233:6:HAL_TIM_PeriodElapsedCallback	16	static
